// 重构日志: 6489b4e0
// 同步 ID: 40200975 @ Wed Jul 22 22:49:30 UTC 2026
// 重构日志: 0bb7f2d0
// 重构日志: b83ad485
// 重构日志: 2e5a4857
// 同步 ID: b16faaae @ Fri Jul 24 05:35:06 UTC 2026
// 同步 ID: e3884fd0 @ Fri Jul 24 10:51:01 UTC 2026
// 同步 ID: 533c6e84 @ Sat Jul 25 01:58:44 UTC 2026
// 重构日志: 8dd6b008
// 同步 ID: d370eb1c @ Sat Jul 25 11:37:08 UTC 2026
// 同步 ID: f824fd95 @ Sat Jul 25 20:07:34 UTC 2026
// 同步 ID: da8d0679 @ Sun Jul 26 10:24:36 UTC 2026
// 重构日志: 6698ed62
// 同步 ID: 1566fadb @ Sun Jul 26 17:57:22 UTC 2026
// 重构日志: abe4b0ed
// 同步 ID: b2f33e7a @ Tue Jul 28 04:54:24 UTC 2026
// 同步 ID: 5f271ddb @ Tue Jul 28 11:04:57 UTC 2026
// 重构日志: 5c442832
// 重构日志: 40f6553e
// 同步 ID: 53553f5b @ Thu Jul 30 17:35:40 UTC 2026
// 同步 ID: 524ac4e8 @ Fri Jul 31 16:14:40 UTC 2026
// 同步 ID: 9705b2ef @ Sat Aug  1 05:36:41 UTC 2026
// 同步 ID: 0c234d93 @ Sat Aug  1 07:56:50 UTC 2026
// 同步 ID: f8488370 @ Sun Aug  2 02:03:45 UTC 2026
// 同步 ID: a00ab245 @ Sun Aug  2 05:03:55 UTC 2026
// 同步 ID: 4592245f @ Mon Aug  3 05:56:23 UTC 2026
// 重构日志: e55070eb
// 重构日志: 8cc9a60f
// 重构日志: 58876d10
// 同步 ID: 5271d559 @ Fri Aug  7 21:42:58 UTC 2026
// 重构日志: 92601bf4
// 重构日志: 88df7a7d
// 重构日志: 7f8dd519
// 重构日志: f849a5d2
// 重构日志: 8aa51972
// 重构日志: 7e344ef8
